// Jest Snapshot v1, https://goo.gl/fbAQLP

exports[`it renders the main auto page 1`] = `
<div
  className="autoPage"
>
  <button
    className="autoQuoteBtn"
  >
    Quoting
  </button>
  <button
    className="autoBillingBtn"
  >
    Billing
  </button>
  <button
    className="autoAccountBtn"
  >
    Account Management
  </button>
</div>
`;

exports[`renders correctly 1`] = `
<div
  className="mainButtonContainer"
>
  <div
    className="autoButton"
  >
    <a
      href="/auto"
      onClick={[Function]}
    >
      AUTO
    </a>
  </div>
  <div
    className="fireButton"
  >
    <a
      href="/fire"
      onClick={[Function]}
    >
      FIRE
    </a>
  </div>
  <div
    className="lifeButton"
  >
    <a
      href="/life"
      onClick={[Function]}
    >
      LIFE
    </a>
  </div>
</div>
`;
